.next/dev/types/validator.ts(121,31): error TS2344: Type 'typeof import("D:/bartendered/src/app/[locale]/layout")' does not satisfy the constraint 'LayoutConfig<"/[locale]">'.
  Types of property 'default' are incompatible.
    Type '({ children, params, }: { children: ReactNode; params: { locale: string; }; }) => Promise<Element>' is not assignable to type 'ComponentType<LayoutProps<"/[locale]">> | ((props: LayoutProps<"/[locale]">) => void | Promise<void> | ReactNode | Promise<...>)'.
      Type '({ children, params, }: { children: ReactNode; params: { locale: string; }; }) => Promise<Element>' is not assignable to type 'FunctionComponent<LayoutProps<"/[locale]">>'.
        Types of parameters '__0' and 'props' are incompatible.
          Type 'LayoutProps<"/[locale]">' is not assignable to type '{ children: ReactNode; params: { locale: string; }; }'.
            Types of property 'params' are incompatible.
              Property 'locale' is missing in type 'Promise<{ locale: string; }>' but required in type '{ locale: string; }'.
.next/types/validator.ts(121,31): error TS2344: Type 'typeof import("D:/bartendered/src/app/[locale]/layout")' does not satisfy the constraint 'LayoutConfig<"/[locale]">'.
  Types of property 'default' are incompatible.
    Type '({ children, params, }: { children: ReactNode; params: { locale: string; }; }) => Promise<Element>' is not assignable to type 'ComponentType<LayoutProps<"/[locale]">> | ((props: LayoutProps<"/[locale]">) => void | Promise<void> | ReactNode | Promise<...>)'.
      Type '({ children, params, }: { children: ReactNode; params: { locale: string; }; }) => Promise<Element>' is not assignable to type 'FunctionComponent<LayoutProps<"/[locale]">>'.
        Types of parameters '__0' and 'props' are incompatible.
          Type 'LayoutProps<"/[locale]">' is not assignable to type '{ children: ReactNode; params: { locale: string; }; }'.
            Types of property 'params' are incompatible.
              Property 'locale' is missing in type 'Promise<{ locale: string; }>' but required in type '{ locale: string; }'.
